Microchip MPLAB XC8 Compiler V2.05 ()

Linker command line:

-W-3 --edf=C:\Program Files (x86)\Microchip\xc8\v2.05\pic\dat\en_msgs.txt \
  -cs -h+dist/default/production\ejemplo008.X.production.sym \
  --cmf=dist/default/production\ejemplo008.X.production.cmf -z -Q16F628A \
  -oC:\Users\Gonzalo\AppData\Local\Temp\s9no.2 --defsym=__MPLAB_BUILD=1 \
  -Mdist/default/production/ejemplo008.X.production.map -E1 -ver=XC8 \
  --acfsm=1493 -ASTACK=0A0h-0EFh -pstack=STACK -ACODE=00h-07FFh \
  -ASTRCODE=00h-07FFh -ASTRING=00h-0FFhx8 -ACONST=00h-0FFhx8 \
  -AENTRY=00h-0FFhx8 -ACOMMON=070h-07Fh -ABANK0=020h-06Fh -ABANK1=0A0h-0EFh \
  -ABANK2=0120h-014Fh -ARAM=020h-06Fh,0A0h-0EFh,0120h-014Fh \
  -AABS1=020h-07Fh,0A0h-0EFh,0120h-014Fh -ASFR0=00h-01Fh -ASFR1=080h-09Fh \
  -ASFR2=0100h-011Fh -ASFR3=0180h-01EFh \
  -preset_vec=00h,intentry,init,end_init -ppowerup=CODE -pcinit=CODE \
  -pfunctab=ENTRY -ACONFIG=02007h-02007h -pconfig=CONFIG -DCONFIG=2 \
  -AIDLOC=02000h-02003h -pidloc=IDLOC -DIDLOC=2 -AEEDATA=00h-07Fh/02100h \
  -peeprom_data=EEDATA -DEEDATA=2 -DCODE=2 -DSTRCODE=2 -DSTRING=2 -DCONST=2 \
  -DENTRY=2 -k C:\Users\Gonzalo\AppData\Local\Temp\s9no.o \
  dist/default/production\ejemplo008.X.production.o 

Object code version is 3.11

Machine type is 16F628A



                Name                               Link     Load   Length Selector   Space Scale
C:\Users\Gonzalo\AppData\Local\Temp\s9no.o
                end_init                              0        0        1        0       0
dist/default/production\ejemplo008.X.production.o
                cinit                               7EF      7EF       11      FDE       0
                text5                               72D      72D       C2      E5A       0
                text4                               568      568       57      AD0       0
                text3                               61A      61A       7D      C34       0
                text2                               697      697       96      D2E       0
                text1                               552      552       16      AA4       0
                maintext                            5BF      5BF       5B      B7E       0
                cstackBANK0                          20       20        A       20       1
                cstackCOMMON                         70       70        E       70       1
                dataBANK0                            2F       2F        5       20       1
                bssBANK0                             2A       2A        5       20       1
                strings                               1        1       13        2       0
                idataBANK0                          54D      54D        5      A9A       0

TOTAL           Name                               Link     Load   Length     Space
        CLASS   STACK          

        CLASS   CODE           
                end_init                              0        0        1         0
                cinit                               7EF      7EF       11         0
                text5                               72D      72D       C2         0
                text4                               568      568       57         0
                text3                               61A      61A       7D         0
                text2                               697      697       96         0
                text1                               552      552       16         0
                maintext                            5BF      5BF       5B         0
                idataBANK0                          54D      54D        5         0

        CLASS   STRCODE        

        CLASS   STRING         
                strings                               1        1       13         0

        CLASS   CONST          

        CLASS   ENTRY          

        CLASS   COMMON         
                cstackCOMMON                         70       70        E         1

        CLASS   BANK0          
                cstackBANK0                          20       20        A         1
                dataBANK0                            2F       2F        5         1
                bssBANK0                             2A       2A        5         1

        CLASS   BANK1          

        CLASS   BANK2          

        CLASS   RAM            

        CLASS   ABS1           
                abs_s1                               7E       7E        2         1

        CLASS   SFR0           

        CLASS   SFR1           

        CLASS   SFR2           

        CLASS   SFR3           

        CLASS   CONFIG         

        CLASS   IDLOC          

        CLASS   EEDATA         

        CLASS   BANK3          



SEGMENTS        Name                           Load    Length   Top    Selector   Space  Class     Delta

                reset_vec                      000000  000001  000001         0       0  CODE        2
                strings                        000001  000013  000014         2       0  STRING      2
                cstackBANK0                    000020  000014  000034        20       1  BANK0       1
                cstackCOMMON                   000070  00000E  00007E        70       1  COMMON      1
                idataBANK0                     00054D  000005  000552       A9A       0  CODE        2
                text1                          000552  000016  000568       AA4       0  CODE        2
                text4                          000568  000057  0005BF       AD0       0  CODE        2
                maintext                       0005BF  00005B  00061A       B7E       0  CODE        2
                text3                          00061A  00007D  000697       C34       0  CODE        2
                text2                          000697  000096  00072D       D2E       0  CODE        2
                text5                          00072D  0000C2  0007EF       E5A       0  CODE        2
                cinit                          0007EF  000011  000800       FDE       0  CODE        2


UNUSED ADDRESS RANGES

        Name                Unused          Largest block    Delta
        BANK0            0034-006F             3C           1
        BANK1            00A0-00EF             50           1
        BANK2            0120-014F             30           1
        CODE             0014-054C            539           2
        CONFIG           2007-2007              1           2
        CONST            0014-054C            100           2
        EEDATA           2100-217F             80           2
        ENTRY            0014-054C            100           2
        IDLOC            2000-2003              4           2
        RAM              0034-006F             3C           1
                         00A0-00EF             50
                         0120-014F             30
        SFR0             0000-001F             20           1
        SFR1             0080-009F             20           1
        SFR2             0100-011F             20           1
        SFR3             0180-01EF             70           1
        STACK            00A0-00EF             50           1
        STRCODE          0014-054C            539           2
        STRING           0014-054C            100           2

                                  Symbol Table

LCD_Init@cmd             cstackCOMMON 007D
LCD_Init@display         cstackCOMMON 0078
LCD_Out@c                cstackCOMMON 0073
LCD_Write@c              cstackCOMMON 0077
LCD_putc@c               cstackCOMMON 0077
LCD_putrs@a              cstackCOMMON 007A
LCD_putrs@i              cstackCOMMON 0078
_LCD_Init                text3        061A
_LCD_Out                 text5        072D
_LCD_Write               text4        0568
_LCD_putc                text2        0697
_LCD_putrs               text1        0552
_PORTA                   (abs)        0005
_PORTB                   (abs)        0006
_TRISA                   (abs)        0085
_TRISB                   (abs)        0086
__Habs1                  abs1         0000
__Hbank0                 bank0        0000
__Hbank1                 bank1        0000
__Hbank2                 bank2        0000
__Hbank3                 bank3        0000
__HbssBANK0              bssBANK0     0000
__Hcinit                 cinit        0800
__Hclrtext               clrtext      0000
__Hcode                  code         0000
__Hcommon                common       0000
__Hconfig                config       0000
__HcstackBANK0           cstackBANK0  0000
__HcstackCOMMON          cstackCOMMON 0000
__HdataBANK0             dataBANK0    0000
__Heeprom_data           eeprom_data  0000
__Hend_init              end_init     0001
__Hfunctab               functab      0000
__HidataBANK0            idataBANK0   0000
__Hidloc                 idloc        0000
__Hinit                  init         0000
__Hintentry              intentry     0000
__Hmaintext              maintext     0000
__Hpowerup               powerup      0000
__Hram                   ram          0000
__Hreset_vec             reset_vec    0000
__Hsfr0                  sfr0         0000
__Hsfr1                  sfr1         0000
__Hsfr2                  sfr2         0000
__Hsfr3                  sfr3         0000
__Hspace_0               (abs)        0800
__Hspace_1               (abs)        007E
__Hspace_2               (abs)        0000
__Hspace_3               (abs)        0000
__Hstack                 stack        0000
__Hstrings               strings      0000
__Htext                  text         0000
__Labs1                  abs1         0000
__Lbank0                 bank0        0000
__Lbank1                 bank1        0000
__Lbank2                 bank2        0000
__Lbank3                 bank3        0000
__LbssBANK0              bssBANK0     0000
__Lcinit                 cinit        07EF
__Lclrtext               clrtext      0000
__Lcode                  code         0000
__Lcommon                common       0000
__Lconfig                config       0000
__LcstackBANK0           cstackBANK0  0000
__LcstackCOMMON          cstackCOMMON 0000
__LdataBANK0             dataBANK0    0000
__Leeprom_data           eeprom_data  0000
__Lend_init              end_init     0000
__Lfunctab               functab      0000
__LidataBANK0            idataBANK0   0000
__Lidloc                 idloc        0000
__Linit                  init         0000
__Lintentry              intentry     0000
__Lmaintext              maintext     0000
__Lpowerup               powerup      0000
__Lram                   ram          0000
__Lreset_vec             reset_vec    0000
__Lsfr0                  sfr0         0000
__Lsfr1                  sfr1         0000
__Lsfr2                  sfr2         0000
__Lsfr3                  sfr3         0000
__Lspace_0               (abs)        0000
__Lspace_1               (abs)        0000
__Lspace_2               (abs)        0000
__Lspace_3               (abs)        0000
__Lstack                 stack        0000
__Lstrings               strings      0000
__Ltext                  text         0000
__S0                     (abs)        0800
__S1                     (abs)        007E
__S2                     (abs)        0000
__S3                     (abs)        0000
___int_sp                stack        0000
___latbits               (abs)        0000
___sp                    stack        0000
___stackhi               (abs)        0000
___stacklo               (abs)        0000
__end_of_LCD_Init        text3        0697
__end_of_LCD_Out         text5        07EF
__end_of_LCD_Write       text4        05BF
__end_of_LCD_putc        text2        072D
__end_of_LCD_putrs       text1        0568
__end_of__initialization cinit        07FE
__end_of__stringtab      strings      0007
__end_of_main            maintext     061A
__initialization         cinit        07EF
__pbssBANK0              bssBANK0     002A
__pcstackBANK0           cstackBANK0  0020
__pcstackCOMMON          cstackCOMMON 0070
__pdataBANK0             dataBANK0    002F
__pidataBANK0            idataBANK0   054D
__pmaintext              maintext     05BF
__pstrings               strings      0001
__ptext1                 text1        0552
__ptext2                 text2        0697
__ptext3                 text3        061A
__ptext4                 text4        0568
__ptext5                 text5        072D
__size_of_LCD_Init       (abs)        0000
__size_of_LCD_Out        (abs)        0000
__size_of_LCD_Write      (abs)        0000
__size_of_LCD_putc       (abs)        0000
__size_of_LCD_putrs      (abs)        0000
__size_of_main           (abs)        0000
__stringbase             strings      0006
__stringtab              strings      0001
_lcd                     bssBANK0     002A
_main                    maintext     05BF
btemp                    (abs)        007E
end_of_initialization    cinit        07FE
intlevel0                functab      0000
intlevel1                functab      0000
intlevel2                functab      0000
intlevel3                functab      0000
intlevel4                functab      0000
intlevel5                functab      0000
main@F673                dataBANK0    002F
main@c                   cstackBANK0  0029
main@lcd                 cstackBANK0  0024
reset_vec                reset_vec    0000
start                    init         0000
start_initialization     cinit        07EF
wtemp0                   (abs)        007E


FUNCTION INFORMATION:

 *************** function _main *****************
 Defined at:
		line 10 in file "main.c"
 Parameters:    Size  Location     Type
		None
 Auto vars:     Size  Location     Type
  c               1    9[BANK0 ] unsigned char 
  lcd             5    4[BANK0 ] struct .
 Return value:  Size  Location     Type
                  1    wreg      void 
 Registers used:
		wreg, fsr0l, fsr0h, status,2, status,0, pclath, cstack
 Tracked objects:
		On entry : 
		On exit  : 
		Unchanged: 
 Data sizes:     COMMON   BANK0   BANK1   BANK2
      Params:         0       0       0       0
      Locals:         0       6       0       0
      Temps:          0       2       0       0
      Totals:         0       8       0       0
Total ram usage:        8 bytes
 Hardware stack levels required when called:    3
 This function calls:
		_LCD_Init
		_LCD_Write
		_LCD_putc
		_LCD_putrs
 This function is called by:
		Startup code after reset
 This function uses a non-reentrant model


 *************** function _LCD_putrs *****************
 Defined at:
		line 144 in file "lcd.c"
 Parameters:    Size  Location     Type
  a               1    wreg     PTR const unsigned char 
		 -> STR_1(13), 
 Auto vars:     Size  Location     Type
  a               1   10[COMMON] PTR const unsigned char 
		 -> STR_1(13), 
  i               2    8[COMMON] int 
 Return value:  Size  Location     Type
                  1    wreg      void 
 Registers used:
		wreg, fsr0l, fsr0h, status,2, status,0, pclath, cstack
 Tracked objects:
		On entry : 
		On exit  : 
		Unchanged: 
 Data sizes:     COMMON   BANK0   BANK1   BANK2
      Params:         0       0       0       0
      Locals:         3       0       0       0
      Temps:          0       0       0       0
      Totals:         3       0       0       0
Total ram usage:        3 bytes
 Hardware stack levels used:    1
 Hardware stack levels required when called:    2
 This function calls:
		_LCD_putc
 This function is called by:
		_main
 This function uses a non-reentrant model


 *************** function _LCD_putc *****************
 Defined at:
		line 119 in file "lcd.c"
 Parameters:    Size  Location     Type
  c               1    wreg     unsigned char 
 Auto vars:     Size  Location     Type
  c               1    7[COMMON] unsigned char 
 Return value:  Size  Location     Type
                  1    wreg      void 
 Registers used:
		wreg, fsr0l, fsr0h, status,2, status,0, pclath, cstack
 Tracked objects:
		On entry : 
		On exit  : 
		Unchanged: 
 Data sizes:     COMMON   BANK0   BANK1   BANK2
      Params:         0       0       0       0
      Locals:         1       0       0       0
      Temps:          3       0       0       0
      Totals:         4       0       0       0
Total ram usage:        4 bytes
 Hardware stack levels used:    1
 Hardware stack levels required when called:    1
 This function calls:
		_LCD_Out
 This function is called by:
		_main
		_LCD_putrs
		_LCD_puts
 This function uses a non-reentrant model


 *************** function _LCD_Init *****************
 Defined at:
		line 61 in file "lcd.c"
 Parameters:    Size  Location     Type
  display         5    8[COMMON] struct .
 Auto vars:     Size  Location     Type
  cmd             1   13[COMMON] unsigned char 
 Return value:  Size  Location     Type
                  1    wreg      _Bool 
 Registers used:
		wreg, fsr0l, fsr0h, status,2, status,0, pclath, cstack
 Tracked objects:
		On entry : 
		On exit  : 
		Unchanged: 
 Data sizes:     COMMON   BANK0   BANK1   BANK2
      Params:         5       0       0       0
      Locals:         1       0       0       0
      Temps:          0       2       0       0
      Totals:         6       2       0       0
Total ram usage:        8 bytes
 Hardware stack levels used:    1
 Hardware stack levels required when called:    2
 This function calls:
		_LCD_Write
 This function is called by:
		_main
 This function uses a non-reentrant model


 *************** function _LCD_Write *****************
 Defined at:
		line 50 in file "lcd.c"
 Parameters:    Size  Location     Type
  c               1    wreg     unsigned char 
 Auto vars:     Size  Location     Type
  c               1    7[COMMON] unsigned char 
 Return value:  Size  Location     Type
                  1    wreg      void 
 Registers used:
		wreg, fsr0l, fsr0h, status,2, status,0, pclath, cstack
 Tracked objects:
		On entry : 
		On exit  : 
		Unchanged: 
 Data sizes:     COMMON   BANK0   BANK1   BANK2
      Params:         0       0       0       0
      Locals:         1       0       0       0
      Temps:          3       0       0       0
      Totals:         4       0       0       0
Total ram usage:        4 bytes
 Hardware stack levels used:    1
 Hardware stack levels required when called:    1
 This function calls:
		_LCD_Out
 This function is called by:
		_main
		_LCD_Init
 This function uses a non-reentrant model


 *************** function _LCD_Out *****************
 Defined at:
		line 18 in file "lcd.c"
 Parameters:    Size  Location     Type
  c               1    wreg     unsigned char 
 Auto vars:     Size  Location     Type
  c               1    3[COMMON] unsigned char 
 Return value:  Size  Location     Type
                  1    wreg      void 
 Registers used:
		wreg, fsr0l, fsr0h, status,2, status,0
 Tracked objects:
		On entry : 
		On exit  : 
		Unchanged: 
 Data sizes:     COMMON   BANK0   BANK1   BANK2
      Params:         0       0       0       0
      Locals:         1       0       0       0
      Temps:          3       0       0       0
      Totals:         4       0       0       0
Total ram usage:        4 bytes
 Hardware stack levels used:    1
 This function calls:
		Nothing
 This function is called by:
		_LCD_Write
		_LCD_putc
 This function uses a non-reentrant model



MODULE INFORMATION

Module		Function		Class		Link	Load	Size
shared
		__stringtab    		STRING         	0001	0000	7
		__initialization		CODE           	07EF	0000	16

shared estimated size: 23

lcd.c
		_LCD_Init      		CODE           	061A	0000	126
		_LCD_Out       		CODE           	072D	0000	195
		_LCD_putc      		CODE           	0697	0000	151
		_LCD_putrs     		CODE           	0552	0000	23
		_LCD_Write     		CODE           	0568	0000	88

lcd.c estimated size: 583

main.c
		_main          		CODE           	05BF	0000	92

main.c estimated size: 92

