Microchip MPLAB XC8 Compiler V2.05 ()

Linker command line:

-W-3 --edf=C:\Program Files (x86)\Microchip\xc8\v2.05\pic\dat\en_msgs.txt \
  -cs -h+dist/default/production\ejemplo009.X.production.sym \
  --cmf=dist/default/production\ejemplo009.X.production.cmf -z -Q16F628A \
  -oC:\Users\Gonzalo\AppData\Local\Temp\sfkk.2 --defsym=__MPLAB_BUILD=1 \
  -Mdist/default/production/ejemplo009.X.production.map -E1 -ver=XC8 \
  -ASTACK=0A0h-0EFh -pstack=STACK -ACODE=00h-07FFh -ASTRCODE=00h-07FFh \
  -ASTRING=00h-0FFhx8 -ACONST=00h-0FFhx8 -AENTRY=00h-0FFhx8 \
  -ACOMMON=070h-07Fh -ABANK0=020h-06Fh -ABANK1=0A0h-0EFh \
  -ABANK2=0120h-014Fh -ARAM=020h-06Fh,0A0h-0EFh,0120h-014Fh \
  -AABS1=020h-07Fh,0A0h-0EFh,0120h-014Fh -ASFR0=00h-01Fh -ASFR1=080h-09Fh \
  -ASFR2=0100h-011Fh -ASFR3=0180h-01EFh \
  -preset_vec=00h,intentry,init,end_init -ppowerup=CODE -pcinit=CODE \
  -pfunctab=ENTRY -ACONFIG=02007h-02007h -pconfig=CONFIG -DCONFIG=2 \
  -AIDLOC=02000h-02003h -pidloc=IDLOC -DIDLOC=2 -AEEDATA=00h-07Fh/02100h \
  -peeprom_data=EEDATA -DEEDATA=2 -DCODE=2 -DSTRCODE=2 -DSTRING=2 -DCONST=2 \
  -DENTRY=2 -k C:\Users\Gonzalo\AppData\Local\Temp\sfkk.o \
  dist/default/production\ejemplo009.X.production.o 

Object code version is 3.11

Machine type is 16F628A



                Name                               Link     Load   Length Selector   Space Scale
C:\Users\Gonzalo\AppData\Local\Temp\sfkk.o
                end_init                              0        0        1        0       0
dist/default/production\ejemplo009.X.production.o
                cinit                               7EE      7EE       12      FDC       0
                text13                              63B      63B       C2      C76       0
                text12                              3A2      3A2       57      744       0
                text11                              528      528       7D      A50       0
                text10                              5A5      5A5       96      B4A       0
                text9                               2B3      2B3       16      566       0
                text8                               2C9      2C9       1A      592       0
                text7                               366      366       3C      6CC       0
                text6                               334      334       32      668       0
                text5                               452      452       60      8A4       0
                text4                               2E3      2E3       20      5C6       0
                text3                               3F9      3F9       59      7F2       0
                text2                               303      303       31      606       0
                text1                               6FD      6FD       F1      DFA       0
                maintext                            4B2      4B2       76      964       0
                cstackBANK0                          20       20       1D       20       1
                cstackCOMMON                         70       70        E       70       1
                bitbssBANK0                         238       47        4       20       1     8
                dataBANK0                            42       42        5       20       1
                bssBANK0                             3D       3D        5       20       1
                strings                               1        1       1D        2       0
                idataBANK0                          2AE      2AE        5      55C       0

TOTAL           Name                               Link     Load   Length     Space
        CLASS   STACK          

        CLASS   CODE           
                end_init                              0        0        1         0
                cinit                               7EE      7EE       12         0
                text13                              63B      63B       C2         0
                text12                              3A2      3A2       57         0
                text11                              528      528       7D         0
                text10                              5A5      5A5       96         0
                text9                               2B3      2B3       16         0
                text8                               2C9      2C9       1A         0
                text7                               366      366       3C         0
                text6                               334      334       32         0
                text5                               452      452       60         0
                text4                               2E3      2E3       20         0
                text3                               3F9      3F9       59         0
                text2                               303      303       31         0
                text1                               6FD      6FD       F1         0
                maintext                            4B2      4B2       76         0
                idataBANK0                          2AE      2AE        5         0

        CLASS   STRCODE        

        CLASS   STRING         
                strings                               1        1       1D         0

        CLASS   CONST          

        CLASS   ENTRY          

        CLASS   COMMON         
                cstackCOMMON                         70       70        E         1

        CLASS   BANK0          
                cstackBANK0                          20       20       1D         1
                bitbssBANK0                         238       47        4         1
                dataBANK0                            42       42        5         1
                bssBANK0                             3D       3D        5         1

        CLASS   BANK1          

        CLASS   BANK2          

        CLASS   RAM            

        CLASS   ABS1           
                abs_s1                               7E       7E        2         1

        CLASS   SFR0           

        CLASS   SFR1           

        CLASS   SFR2           

        CLASS   SFR3           

        CLASS   CONFIG         

        CLASS   IDLOC          

        CLASS   EEDATA         

        CLASS   BANK3          



SEGMENTS        Name                           Load    Length   Top    Selector   Space  Class     Delta

                reset_vec                      000000  000001  000001         0       0  CODE        2
                strings                        000001  00001D  00001E         2       0  STRING      2
                cstackBANK0                    000020  000028  000048        20       1  BANK0       1
                cstackCOMMON                   000070  00000E  00007E        70       1  COMMON      1
                idataBANK0                     0002AE  000005  0002B3       55C       0  CODE        2
                text9                          0002B3  000016  0002C9       566       0  CODE        2
                text8                          0002C9  00001A  0002E3       592       0  CODE        2
                text4                          0002E3  000020  000303       5C6       0  CODE        2
                text2                          000303  000031  000334       606       0  CODE        2
                text6                          000334  000032  000366       668       0  CODE        2
                text7                          000366  00003C  0003A2       6CC       0  CODE        2
                text12                         0003A2  000057  0003F9       744       0  CODE        2
                text3                          0003F9  000059  000452       7F2       0  CODE        2
                text5                          000452  000060  0004B2       8A4       0  CODE        2
                maintext                       0004B2  000076  000528       964       0  CODE        2
                text11                         000528  00007D  0005A5       A50       0  CODE        2
                text10                         0005A5  000096  00063B       B4A       0  CODE        2
                text13                         00063B  0000C2  0006FD       C76       0  CODE        2
                text1                          0006FD  0000F1  0007EE       DFA       0  CODE        2
                cinit                          0007EE  000012  000800       FDC       0  CODE        2


UNUSED ADDRESS RANGES

        Name                Unused          Largest block    Delta
        BANK0            0048-006F             28           1
        BANK1            00A0-00EF             50           1
        BANK2            0120-014F             30           1
        CODE             001E-02AD            290           2
        CONFIG           2007-2007              1           2
        CONST            001E-02AD            100           2
        EEDATA           2100-217F             80           2
        ENTRY            001E-02AD            100           2
        IDLOC            2000-2003              4           2
        RAM              0048-006F             28           1
                         00A0-00EF             50
                         0120-014F             30
        SFR0             0000-001F             20           1
        SFR1             0080-009F             20           1
        SFR2             0100-011F             20           1
        SFR3             0180-01EF             70           1
        STACK            00A0-00EF             50           1
        STRCODE          001E-02AD            290           2
        STRING           001E-02AD            100           2

                                  Symbol Table

?___awdiv                cstackCOMMON 0070
?___lwdiv                cstackCOMMON 0070
?___lwmod                cstackCOMMON 0070
?_numCifras              cstackCOMMON 0079
LCD_Init@cmd             cstackCOMMON 007D
LCD_Init@display         cstackCOMMON 0078
LCD_Out@c                cstackCOMMON 0073
LCD_Write@c              cstackCOMMON 0077
LCD_putc@c               cstackCOMMON 0077
LCD_putrs@a              cstackCOMMON 007A
LCD_putrs@i              cstackCOMMON 0078
LCD_puts@a               cstackCOMMON 007B
LCD_puts@i               cstackCOMMON 0079
_LCD_Init                text11       0528
_LCD_Out                 text13       063B
_LCD_Write               text12       03A2
_LCD_putc                text10       05A5
_LCD_putrs               text9        02B3
_LCD_puts                text8        02C9
_OPTION_REGbits          (abs)        0081
_PORTA                   (abs)        0005
_PORTB                   (abs)        0006
_PORTBbits               (abs)        0006
_TRISA                   (abs)        0085
_TRISB                   (abs)        0086
__Habs1                  abs1         0000
__Hbank0                 bank0        0000
__Hbank1                 bank1        0000
__Hbank2                 bank2        0000
__Hbank3                 bank3        0000
__HbitbssBANK0           bitbssBANK0  0000
__HbssBANK0              bssBANK0     0000
__Hcinit                 cinit        0800
__Hclrtext               clrtext      0000
__Hcode                  code         0000
__Hcommon                common       0000
__Hconfig                config       0000
__HcstackBANK0           cstackBANK0  0000
__HcstackCOMMON          cstackCOMMON 0000
__HdataBANK0             dataBANK0    0000
__Heeprom_data           eeprom_data  0000
__Hend_init              end_init     0001
__Hfunctab               functab      0000
__HidataBANK0            idataBANK0   0000
__Hidloc                 idloc        0000
__Hinit                  init         0000
__Hintentry              intentry     0000
__Hmaintext              maintext     0000
__Hpowerup               powerup      0000
__Hram                   ram          0000
__Hreset_vec             reset_vec    0000
__Hsfr0                  sfr0         0000
__Hsfr1                  sfr1         0000
__Hsfr2                  sfr2         0000
__Hsfr3                  sfr3         0000
__Hspace_0               (abs)        0800
__Hspace_1               (abs)        023C
__Hspace_2               (abs)        0000
__Hspace_3               (abs)        0000
__Hstack                 stack        0000
__Hstrings               strings      0000
__Htext                  text         0000
__Labs1                  abs1         0000
__Lbank0                 bank0        0000
__Lbank1                 bank1        0000
__Lbank2                 bank2        0000
__Lbank3                 bank3        0000
__LbitbssBANK0           bitbssBANK0  0000
__LbssBANK0              bssBANK0     0000
__Lcinit                 cinit        07EE
__Lclrtext               clrtext      0000
__Lcode                  code         0000
__Lcommon                common       0000
__Lconfig                config       0000
__LcstackBANK0           cstackBANK0  0000
__LcstackCOMMON          cstackCOMMON 0000
__LdataBANK0             dataBANK0    0000
__Leeprom_data           eeprom_data  0000
__Lend_init              end_init     0000
__Lfunctab               functab      0000
__LidataBANK0            idataBANK0   0000
__Lidloc                 idloc        0000
__Linit                  init         0000
__Lintentry              intentry     0000
__Lmaintext              maintext     0000
__Lpowerup               powerup      0000
__Lram                   ram          0000
__Lreset_vec             reset_vec    0000
__Lsfr0                  sfr0         0000
__Lsfr1                  sfr1         0000
__Lsfr2                  sfr2         0000
__Lsfr3                  sfr3         0000
__Lspace_0               (abs)        0000
__Lspace_1               (abs)        0000
__Lspace_2               (abs)        0000
__Lspace_3               (abs)        0000
__Lstack                 stack        0000
__Lstrings               strings      0000
__Ltext                  text         0000
__S0                     (abs)        0800
__S1                     (abs)        007E
__S2                     (abs)        0000
__S3                     (abs)        0000
___awdiv                 text3        03F9
___awdiv@counter         cstackCOMMON 0075
___awdiv@dividend        cstackCOMMON 0072
___awdiv@divisor         cstackCOMMON 0070
___awdiv@quotient        cstackCOMMON 0077
___awdiv@sign            cstackCOMMON 0076
___int_sp                stack        0000
___latbits               (abs)        0000
___lwdiv                 text7        0366
___lwdiv@counter         cstackCOMMON 0077
___lwdiv@dividend        cstackCOMMON 0072
___lwdiv@divisor         cstackCOMMON 0070
___lwdiv@quotient        cstackCOMMON 0075
___lwmod                 text6        0334
___lwmod@counter         cstackCOMMON 0075
___lwmod@dividend        cstackCOMMON 0072
___lwmod@divisor         cstackCOMMON 0070
___sp                    stack        0000
___stackhi               (abs)        0000
___stacklo               (abs)        0000
__end_of_LCD_Init        text11       05A5
__end_of_LCD_Out         text13       06FD
__end_of_LCD_Write       text12       03F9
__end_of_LCD_putc        text10       063B
__end_of_LCD_putrs       text9        02C9
__end_of_LCD_puts        text8        02E3
__end_of___awdiv         text3        0452
__end_of___lwdiv         text7        03A2
__end_of___lwmod         text6        0366
__end_of__initialization cinit        07FE
__end_of__stringtab      strings      0007
__end_of_itoa            text4        0303
__end_of_main            maintext     0528
__end_of_mostrarNum      text1        07EE
__end_of_numCifras       text2        0334
__end_of_utoa            text5        04B2
__initialization         cinit        07EE
__pbitbssBANK0           bitbssBANK0  0238
__pbssBANK0              bssBANK0     003D
__pcstackBANK0           cstackBANK0  0020
__pcstackCOMMON          cstackCOMMON 0070
__pdataBANK0             dataBANK0    0042
__pidataBANK0            idataBANK0   02AE
__pmaintext              maintext     04B2
__pstrings               strings      0001
__ptext1                 text1        06FD
__ptext10                text10       05A5
__ptext11                text11       0528
__ptext12                text12       03A2
__ptext13                text13       063B
__ptext2                 text2        0303
__ptext3                 text3        03F9
__ptext4                 text4        02E3
__ptext5                 text5        0452
__ptext6                 text6        0334
__ptext7                 text7        0366
__ptext8                 text8        02C9
__ptext9                 text9        02B3
__size_of_LCD_Init       (abs)        0000
__size_of_LCD_Out        (abs)        0000
__size_of_LCD_Write      (abs)        0000
__size_of_LCD_putc       (abs)        0000
__size_of_LCD_putrs      (abs)        0000
__size_of_LCD_puts       (abs)        0000
__size_of___awdiv        (abs)        0000
__size_of___lwdiv        (abs)        0000
__size_of___lwmod        (abs)        0000
__size_of_itoa           (abs)        0000
__size_of_main           (abs)        0000
__size_of_mostrarNum     (abs)        0000
__size_of_numCifras      (abs)        0000
__size_of_utoa           (abs)        0000
__stringbase             strings      0006
__stringtab              strings      0001
_itoa                    text4        02E3
_lcd                     bssBANK0     003D
_main                    maintext     04B2
_mostrarNum              text1        06FD
_new2                    bitbssBANK0  023A
_new3                    bitbssBANK0  0238
_numCifras               text2        0303
_old2                    bitbssBANK0  023B
_old3                    bitbssBANK0  0239
_utoa                    text5        0452
btemp                    (abs)        007E
end_of_initialization    cinit        07FE
intlevel0                functab      0000
intlevel1                functab      0000
intlevel2                functab      0000
intlevel3                functab      0000
intlevel4                functab      0000
intlevel5                functab      0000
itoa@base                cstackBANK0  0026
itoa@buf                 cstackBANK0  0029
itoa@val                 cstackBANK0  0024
main@F716                dataBANK0    0042
main@a                   cstackBANK0  003B
main@lcd                 cstackBANK0  0036
mostrarNum@aux           cstackBANK0  002E
mostrarNum@aux2          cstackBANK0  0032
mostrarNum@col           cstackBANK0  002A
mostrarNum@fil           cstackBANK0  0034
mostrarNum@num           cstackBANK0  002B
numCifras@contador       cstackCOMMON 007B
numCifras@num            cstackCOMMON 0079
reset_vec                reset_vec    0000
start                    init         0000
start_initialization     cinit        07EE
utoa@base                cstackCOMMON 007A
utoa@buf                 cstackBANK0  0023
utoa@c                   cstackBANK0  0022
utoa@v                   cstackBANK0  0020
utoa@val                 cstackCOMMON 0078
wtemp0                   (abs)        007E


FUNCTION INFORMATION:

 *************** function _main *****************
 Defined at:
		line 43 in file "main.c"
 Parameters:    Size  Location     Type
		None
 Auto vars:     Size  Location     Type
  lcd             5   22[BANK0 ] struct .
  a               2   27[BANK0 ] int 
 Return value:  Size  Location     Type
                  1    wreg      void 
 Registers used:
		wreg, fsr0l, fsr0h, status,2, status,0, btemp+1, pclath, cstack
 Tracked objects:
		On entry : 
		On exit  : 
		Unchanged: 
 Data sizes:     COMMON   BANK0   BANK1   BANK2
      Params:         0       0       0       0
      Locals:         0       7       0       0
      Temps:          0       1       0       0
      Totals:         0       8       0       0
Total ram usage:        8 bytes
 Hardware stack levels required when called:    4
 This function calls:
		_LCD_Init
		_LCD_Write
		_LCD_putrs
		_mostrarNum
 This function is called by:
		Startup code after reset
 This function uses a non-reentrant model


 *************** function _mostrarNum *****************
 Defined at:
		line 13 in file "main.c"
 Parameters:    Size  Location     Type
  fil             1    wreg     unsigned char 
  col             1   10[BANK0 ] unsigned char 
  num             2   11[BANK0 ] int 
 Auto vars:     Size  Location     Type
  fil             1   20[BANK0 ] unsigned char 
  aux             4   14[BANK0 ] unsigned char [4]
  aux2            2   18[BANK0 ] int 
 Return value:  Size  Location     Type
                  1    wreg      void 
 Registers used:
		wreg, fsr0l, fsr0h, status,2, status,0, btemp+1, pclath, cstack
 Tracked objects:
		On entry : 
		On exit  : 
		Unchanged: 
 Data sizes:     COMMON   BANK0   BANK1   BANK2
      Params:         0       3       0       0
      Locals:         0       7       0       0
      Temps:          0       1       0       0
      Totals:         0      11       0       0
Total ram usage:       11 bytes
 Hardware stack levels used:    1
 Hardware stack levels required when called:    3
 This function calls:
		_LCD_Write
		_LCD_putrs
		_LCD_puts
		_itoa
		_numCifras
 This function is called by:
		_main
 This function uses a non-reentrant model


 *************** function _numCifras *****************
 Defined at:
		line 33 in file "main.c"
 Parameters:    Size  Location     Type
  num             2    9[COMMON] int 
 Auto vars:     Size  Location     Type
  contador        2   11[COMMON] int 
 Return value:  Size  Location     Type
                  2    9[COMMON] int 
 Registers used:
		wreg, status,2, status,0, btemp+1, pclath, cstack
 Tracked objects:
		On entry : 
		On exit  : 
		Unchanged: 
 Data sizes:     COMMON   BANK0   BANK1   BANK2
      Params:         2       0       0       0
      Locals:         2       0       0       0
      Temps:          0       0       0       0
      Totals:         4       0       0       0
Total ram usage:        4 bytes
 Hardware stack levels used:    1
 Hardware stack levels required when called:    1
 This function calls:
		___awdiv
 This function is called by:
		_mostrarNum
 This function uses a non-reentrant model


 *************** function ___awdiv *****************
 Defined at:
		line 5 in file "C:\Program Files (x86)\Microchip\xc8\v2.05\pic\sources\c90\common\awdiv.c"
 Parameters:    Size  Location     Type
  divisor         2    0[COMMON] int 
  dividend        2    2[COMMON] int 
 Auto vars:     Size  Location     Type
  quotient        2    7[COMMON] int 
  sign            1    6[COMMON] unsigned char 
  counter         1    5[COMMON] unsigned char 
 Return value:  Size  Location     Type
                  2    0[COMMON] int 
 Registers used:
		wreg, status,2, status,0
 Tracked objects:
		On entry : 
		On exit  : 
		Unchanged: 
 Data sizes:     COMMON   BANK0   BANK1   BANK2
      Params:         4       0       0       0
      Locals:         4       0       0       0
      Temps:          1       0       0       0
      Totals:         9       0       0       0
Total ram usage:        9 bytes
 Hardware stack levels used:    1
 This function calls:
		Nothing
 This function is called by:
		_numCifras
 This function uses a non-reentrant model


 *************** function _itoa *****************
 Defined at:
		line 4 in file "C:\Program Files (x86)\Microchip\xc8\v2.05\pic\sources\c90\common\itoa.c"
 Parameters:    Size  Location     Type
  buf             1    wreg     PTR unsigned char 
		 -> mostrarNum@aux(4), 
  val             2    4[BANK0 ] int 
  base            2    6[BANK0 ] int 
 Auto vars:     Size  Location     Type
  buf             1    9[BANK0 ] PTR unsigned char 
		 -> mostrarNum@aux(4), 
  cp              1    0        PTR unsigned char 
		 -> mostrarNum@aux(4), 
 Return value:  Size  Location     Type
                  1    wreg      PTR unsigned char 
 Registers used:
		wreg, fsr0l, fsr0h, status,2, status,0, pclath, cstack
 Tracked objects:
		On entry : 
		On exit  : 
		Unchanged: 
 Data sizes:     COMMON   BANK0   BANK1   BANK2
      Params:         0       4       0       0
      Locals:         0       2       0       0
      Temps:          1       0       0       0
      Totals:         1       6       0       0
Total ram usage:        7 bytes
 Hardware stack levels used:    1
 Hardware stack levels required when called:    2
 This function calls:
		_utoa
 This function is called by:
		_mostrarNum
 This function uses a non-reentrant model


 *************** function _utoa *****************
 Defined at:
		line 17 in file "C:\Program Files (x86)\Microchip\xc8\v2.05\pic\sources\c90\common\itoa.c"
 Parameters:    Size  Location     Type
  buf             1    wreg     PTR unsigned char 
		 -> mostrarNum@aux(4), 
  val             2    8[COMMON] unsigned int 
  base            2   10[COMMON] int 
 Auto vars:     Size  Location     Type
  buf             1    3[BANK0 ] PTR unsigned char 
		 -> mostrarNum@aux(4), 
  v               2    0[BANK0 ] unsigned int 
  c               1    2[BANK0 ] unsigned char 
 Return value:  Size  Location     Type
                  1    wreg      PTR unsigned char 
 Registers used:
		wreg, fsr0l, fsr0h, status,2, status,0, pclath, cstack
 Tracked objects:
		On entry : 
		On exit  : 
		Unchanged: 
 Data sizes:     COMMON   BANK0   BANK1   BANK2
      Params:         4       0       0       0
      Locals:         0       4       0       0
      Temps:          1       0       0       0
      Totals:         5       4       0       0
Total ram usage:        9 bytes
 Hardware stack levels used:    1
 Hardware stack levels required when called:    1
 This function calls:
		___lwdiv
		___lwmod
 This function is called by:
		_itoa
 This function uses a non-reentrant model


 *************** function ___lwmod *****************
 Defined at:
		line 5 in file "C:\Program Files (x86)\Microchip\xc8\v2.05\pic\sources\c90\common\lwmod.c"
 Parameters:    Size  Location     Type
  divisor         2    0[COMMON] unsigned int 
  dividend        2    2[COMMON] unsigned int 
 Auto vars:     Size  Location     Type
  counter         1    5[COMMON] unsigned char 
 Return value:  Size  Location     Type
                  2    0[COMMON] unsigned int 
 Registers used:
		wreg, status,2, status,0
 Tracked objects:
		On entry : 
		On exit  : 
		Unchanged: 
 Data sizes:     COMMON   BANK0   BANK1   BANK2
      Params:         4       0       0       0
      Locals:         1       0       0       0
      Temps:          1       0       0       0
      Totals:         6       0       0       0
Total ram usage:        6 bytes
 Hardware stack levels used:    1
 This function calls:
		Nothing
 This function is called by:
		_utoa
 This function uses a non-reentrant model


 *************** function ___lwdiv *****************
 Defined at:
		line 5 in file "C:\Program Files (x86)\Microchip\xc8\v2.05\pic\sources\c90\common\lwdiv.c"
 Parameters:    Size  Location     Type
  divisor         2    0[COMMON] unsigned int 
  dividend        2    2[COMMON] unsigned int 
 Auto vars:     Size  Location     Type
  quotient        2    5[COMMON] unsigned int 
  counter         1    7[COMMON] unsigned char 
 Return value:  Size  Location     Type
                  2    0[COMMON] unsigned int 
 Registers used:
		wreg, status,2, status,0
 Tracked objects:
		On entry : 
		On exit  : 
		Unchanged: 
 Data sizes:     COMMON   BANK0   BANK1   BANK2
      Params:         4       0       0       0
      Locals:         3       0       0       0
      Temps:          1       0       0       0
      Totals:         8       0       0       0
Total ram usage:        8 bytes
 Hardware stack levels used:    1
 This function calls:
		Nothing
 This function is called by:
		_utoa
 This function uses a non-reentrant model


 *************** function _LCD_puts *****************
 Defined at:
		line 136 in file "lcd.c"
 Parameters:    Size  Location     Type
  a               1    wreg     PTR unsigned char 
		 -> mostrarNum@aux(4), 
 Auto vars:     Size  Location     Type
  a               1   11[COMMON] PTR unsigned char 
		 -> mostrarNum@aux(4), 
  i               2    9[COMMON] int 
 Return value:  Size  Location     Type
                  1    wreg      void 
 Registers used:
		wreg, fsr0l, fsr0h, status,2, status,0, pclath, cstack
 Tracked objects:
		On entry : 
		On exit  : 
		Unchanged: 
 Data sizes:     COMMON   BANK0   BANK1   BANK2
      Params:         0       0       0       0
      Locals:         3       0       0       0
      Temps:          1       0       0       0
      Totals:         4       0       0       0
Total ram usage:        4 bytes
 Hardware stack levels used:    1
 Hardware stack levels required when called:    2
 This function calls:
		_LCD_putc
 This function is called by:
		_mostrarNum
 This function uses a non-reentrant model


 *************** function _LCD_putrs *****************
 Defined at:
		line 144 in file "lcd.c"
 Parameters:    Size  Location     Type
  a               1    wreg     PTR const unsigned char 
		 -> STR_2(17), STR_1(6), 
 Auto vars:     Size  Location     Type
  a               1   10[COMMON] PTR const unsigned char 
		 -> STR_2(17), STR_1(6), 
  i               2    8[COMMON] int 
 Return value:  Size  Location     Type
                  1    wreg      void 
 Registers used:
		wreg, fsr0l, fsr0h, status,2, status,0, pclath, cstack
 Tracked objects:
		On entry : 
		On exit  : 
		Unchanged: 
 Data sizes:     COMMON   BANK0   BANK1   BANK2
      Params:         0       0       0       0
      Locals:         3       0       0       0
      Temps:          0       0       0       0
      Totals:         3       0       0       0
Total ram usage:        3 bytes
 Hardware stack levels used:    1
 Hardware stack levels required when called:    2
 This function calls:
		_LCD_putc
 This function is called by:
		_mostrarNum
		_main
 This function uses a non-reentrant model


 *************** function _LCD_putc *****************
 Defined at:
		line 119 in file "lcd.c"
 Parameters:    Size  Location     Type
  c               1    wreg     unsigned char 
 Auto vars:     Size  Location     Type
  c               1    7[COMMON] unsigned char 
 Return value:  Size  Location     Type
                  1    wreg      void 
 Registers used:
		wreg, fsr0l, fsr0h, status,2, status,0, pclath, cstack
 Tracked objects:
		On entry : 
		On exit  : 
		Unchanged: 
 Data sizes:     COMMON   BANK0   BANK1   BANK2
      Params:         0       0       0       0
      Locals:         1       0       0       0
      Temps:          3       0       0       0
      Totals:         4       0       0       0
Total ram usage:        4 bytes
 Hardware stack levels used:    1
 Hardware stack levels required when called:    1
 This function calls:
		_LCD_Out
 This function is called by:
		_LCD_puts
		_LCD_putrs
 This function uses a non-reentrant model


 *************** function _LCD_Init *****************
 Defined at:
		line 61 in file "lcd.c"
 Parameters:    Size  Location     Type
  display         5    8[COMMON] struct .
 Auto vars:     Size  Location     Type
  cmd             1   13[COMMON] unsigned char 
 Return value:  Size  Location     Type
                  1    wreg      _Bool 
 Registers used:
		wreg, fsr0l, fsr0h, status,2, status,0, pclath, cstack
 Tracked objects:
		On entry : 
		On exit  : 
		Unchanged: 
 Data sizes:     COMMON   BANK0   BANK1   BANK2
      Params:         5       0       0       0
      Locals:         1       0       0       0
      Temps:          0       2       0       0
      Totals:         6       2       0       0
Total ram usage:        8 bytes
 Hardware stack levels used:    1
 Hardware stack levels required when called:    2
 This function calls:
		_LCD_Write
 This function is called by:
		_main
 This function uses a non-reentrant model


 *************** function _LCD_Write *****************
 Defined at:
		line 50 in file "lcd.c"
 Parameters:    Size  Location     Type
  c               1    wreg     unsigned char 
 Auto vars:     Size  Location     Type
  c               1    7[COMMON] unsigned char 
 Return value:  Size  Location     Type
                  1    wreg      void 
 Registers used:
		wreg, fsr0l, fsr0h, status,2, status,0, pclath, cstack
 Tracked objects:
		On entry : 
		On exit  : 
		Unchanged: 
 Data sizes:     COMMON   BANK0   BANK1   BANK2
      Params:         0       0       0       0
      Locals:         1       0       0       0
      Temps:          3       0       0       0
      Totals:         4       0       0       0
Total ram usage:        4 bytes
 Hardware stack levels used:    1
 Hardware stack levels required when called:    1
 This function calls:
		_LCD_Out
 This function is called by:
		_LCD_Init
		_mostrarNum
		_main
 This function uses a non-reentrant model


 *************** function _LCD_Out *****************
 Defined at:
		line 18 in file "lcd.c"
 Parameters:    Size  Location     Type
  c               1    wreg     unsigned char 
 Auto vars:     Size  Location     Type
  c               1    3[COMMON] unsigned char 
 Return value:  Size  Location     Type
                  1    wreg      void 
 Registers used:
		wreg, fsr0l, fsr0h, status,2, status,0
 Tracked objects:
		On entry : 
		On exit  : 
		Unchanged: 
 Data sizes:     COMMON   BANK0   BANK1   BANK2
      Params:         0       0       0       0
      Locals:         1       0       0       0
      Temps:          3       0       0       0
      Totals:         4       0       0       0
Total ram usage:        4 bytes
 Hardware stack levels used:    1
 This function calls:
		Nothing
 This function is called by:
		_LCD_Write
		_LCD_putc
 This function uses a non-reentrant model



MODULE INFORMATION

Module		Function		Class		Link	Load	Size
C:\Program Files (x86)\Microchip\xc8\v2.05\pic\sources\c90\common\itoa.c
		_itoa          		CODE           	02E3	0000	33
		_utoa          		CODE           	0452	0000	97

C:\Program Files (x86)\Microchip\xc8\v2.05\pic\sources\c90\common\itoa.c estimated size: 130

C:\Program Files (x86)\Microchip\xc8\v2.05\pic\sources\c90\common\lwdiv.c
		___lwdiv       		CODE           	0366	0000	61

C:\Program Files (x86)\Microchip\xc8\v2.05\pic\sources\c90\common\lwdiv.c estimated size: 61

C:\Program Files (x86)\Microchip\xc8\v2.05\pic\sources\c90\common\awdiv.c
		___awdiv       		CODE           	03F9	0000	90

C:\Program Files (x86)\Microchip\xc8\v2.05\pic\sources\c90\common\awdiv.c estimated size: 90

shared
		__stringtab    		STRING         	0001	0000	7
		__initialization		CODE           	07EE	0000	17

shared estimated size: 24

lcd.c
		_LCD_Init      		CODE           	0528	0000	126
		_LCD_Out       		CODE           	063B	0000	195
		_LCD_putc      		CODE           	05A5	0000	151
		_LCD_puts      		CODE           	02C9	0000	27
		_LCD_putrs     		CODE           	02B3	0000	23
		_LCD_Write     		CODE           	03A2	0000	88

lcd.c estimated size: 610

main.c
		_main          		CODE           	04B2	0000	119
		_numCifras     		CODE           	0303	0000	50
		_mostrarNum    		CODE           	06FD	0000	242

main.c estimated size: 411

C:\Program Files (x86)\Microchip\xc8\v2.05\pic\sources\c90\common\lwmod.c
		___lwmod       		CODE           	0334	0000	51

C:\Program Files (x86)\Microchip\xc8\v2.05\pic\sources\c90\common\lwmod.c estimated size: 51

