Microchip MPLAB XC8 Compiler V2.05 ()

Linker command line:

-W-3 --edf=C:\Program Files (x86)\Microchip\xc8\v2.05\pic\dat\en_msgs.txt \
  -cs -h+dist/default/production\ejemplo009.X.production.sym \
  --cmf=dist/default/production\ejemplo009.X.production.cmf -z -w9 \
  --disl=596:off --norlf -Q16F628A \
  -oC:\Users\Gonzalo\AppData\Local\Temp\sf1o.2 --defsym=__MPLAB_BUILD=1 \
  -Mdist/default/production/ejemplo009.X.production.map -E1 -ver=XC8 \
  --acfsm=1493 -ACODE=00h-07FFh -ASTRCODE=00h-07FFh -ASTRING=00h-0FFhx8 \
  -ACONST=00h-0FFhx8 -AENTRY=00h-0FFhx8 -ACOMMON=070h-07Fh \
  -ABANK0=020h-06Fh -ABANK1=0A0h-0EFh -ABANK2=0120h-014Fh \
  -ARAM=020h-06Fh,0A0h-0EFh,0120h-014Fh \
  -AABS1=020h-07Fh,0A0h-0EFh,0120h-014Fh -ASFR0=00h-01Fh -ASFR1=080h-09Fh \
  -ASFR2=0100h-011Fh -ASFR3=0180h-01EFh \
  -preset_vec=00h,intentry,init,end_init -ppowerup=CODE -pcinit=CODE \
  -pfunctab=ENTRY -ACONFIG=02007h-02007h -pconfig=CONFIG -DCONFIG=2 \
  -AIDLOC=02000h-02003h -pidloc=IDLOC -DIDLOC=2 -AEEDATA=00h-07Fh/02100h \
  -peeprom_data=EEDATA -DEEDATA=2 -DCODE=2 -DSTRCODE=2 -DSTRING=2 -DCONST=2 \
  -DENTRY=2 -k C:\Users\Gonzalo\AppData\Local\Temp\sf1o.o \
  dist/default/production\ejemplo009.X.production.o 

Object code version is 3.11

Machine type is 16F628A



                Name                               Link     Load   Length Selector   Space Scale
C:\Users\Gonzalo\AppData\Local\Temp\sf1o.o
                end_init                              0        0        2        0       0
dist/default/production\ejemplo009.X.production.o
                cinit                               7E9      7E9       17      FD2       0
                text24                               33       33       C2       66       0
                text23                                0        0       57        0       0
                text22                               57       57       7D        0       0
                text21                               D4       D4       96        0       0
                text20                              16A      16A       16        0       0
                text19                              180      180       1A        0       0
                text18                              19A      19A       93        0       0
                text17                               10       10       23       20       0
                text16                              4F8      4F8      2F1      9F0       0
                text15                              22D      22D        9        0       0
                text14                              2B9      2B9      23F      572       0
                text13                              236      236       20        0       0
                text12                              256      256       6D        0       0
                text11                              2C3      2C3       A3        0       0
                text10                              366      366       5E        0       0
                text9                               3C4      3C4       4E        0       0
                text8                               412      412       21        0       0
                text7                                 2        2        E        0       0
                text6                                F5       F5      1C4      1EA       0
                text5                               433      433       B3        0       0
                text4                               4E6      4E6       3C        0       0
                text3                               522      522       32        0       0
                text2                               554      554       60        0       0
                text1                               5B4      5B4       20        0       0
                maintext                            5D4      5D4       87        0       0
                cstackBANK0                          20       20       4B       20       1
                cstackCOMMON                         70       70        E       70       1
                clrtext                             65B      65B        8        0       0
                dataBANK1                            B1       B1        5       A0       1
                bssBANK1                             A0       A0       11       A0       1
                bssBANK0                             6B       6B        5       20       1
                strings                             663      663       46        0       0
                idataBANK1                          6A9      6A9        5        0       0

TOTAL           Name                               Link     Load   Length     Space
        CLASS   CODE           
                end_init                              0        0        2         0
                cinit                               7E9      7E9       17         0
                text24                               33       33       C2         0
                text23                                0        0       57         0
                text22                               57       57       7D         0
                text21                               D4       D4       96         0
                text20                              16A      16A       16         0
                text19                              180      180       1A         0
                text18                              19A      19A       93         0
                text17                               10       10       23         0
                text16                              4F8      4F8      2F1         0
                text15                              22D      22D        9         0
                text14                              2B9      2B9      23F         0
                text13                              236      236       20         0
                text12                              256      256       6D         0
                text11                              2C3      2C3       A3         0
                text10                              366      366       5E         0
                text9                               3C4      3C4       4E         0
                text8                               412      412       21         0
                text7                                 2        2        E         0
                text6                                F5       F5      1C4         0
                text5                               433      433       B3         0
                text4                               4E6      4E6       3C         0
                text3                               522      522       32         0
                text2                               554      554       60         0
                text1                               5B4      5B4       20         0
                maintext                            5D4      5D4       87         0
                clrtext                             65B      65B        8         0
                idataBANK1                          6A9      6A9        5         0

        CLASS   STRCODE        

        CLASS   STRING         
                strings                             663      663       46         0

        CLASS   CONST          

        CLASS   ENTRY          

        CLASS   COMMON         
                cstackCOMMON                         70       70        E         1

        CLASS   BANK0          
                cstackBANK0                          20       20       4B         1
                bssBANK0                             6B       6B        5         1

        CLASS   BANK1          
                dataBANK1                            B1       B1        5         1
                bssBANK1                             A0       A0       11         1

        CLASS   BANK2          

        CLASS   RAM            

        CLASS   ABS1           
                abs_s1                               7E       7E        2         1

        CLASS   SFR0           

        CLASS   SFR1           

        CLASS   SFR2           

        CLASS   SFR3           

        CLASS   CONFIG         

        CLASS   IDLOC          

        CLASS   EEDATA         

        CLASS   BANK3          

        CLASS   STACK          



SEGMENTS        Name                           Load    Length   Top    Selector   Space  Class     Delta

                reset_vec                      000000  000010  000010         0       0  CODE        2
                cstackBANK0                    000020  000050  000070        20       1  BANK0       1
                text17                         000010  000023  000033        20       0  CODE        2
                text24                         000033  0000C2  0000F5        66       0  CODE        2
                cstackCOMMON                   000070  00000E  00007E        70       1  COMMON      1
                bssBANK1                       0000A0  000016  0000B6        A0       1  BANK1       1
                text6                          0000F5  0001C4  0002B9       1EA       0  CODE        2
                text14                         0002B9  00023F  0004F8       572       0  CODE        2
                text16                         0004F8  0002F1  0007E9       9F0       0  CODE        2
                cinit                          0007E9  000017  000800       FD2       0  CODE        2


UNUSED ADDRESS RANGES

        Name                Unused          Largest block    Delta
        BANK1            00B6-00EF             3A           1
        BANK2            0120-014F             30           1
        CONFIG           2007-2007              1           2
        EEDATA           2100-217F             80           2
        IDLOC            2000-2003              4           2
        RAM              00B6-00EF             3A           1
                         0120-014F             30
        SFR0             0000-001F             20           1
        SFR1             0080-009F             20           1
        SFR2             0100-011F             20           1
        SFR3             0180-01EF             70           1

                                  Symbol Table

_LCD_Write               text23       0000
__Habs1                  abs1         0000
__Hbank0                 bank0        0000
__Hbank1                 bank1        0000
__Hbank2                 bank2        0000
__Hbank3                 bank3        0000
__Hclrtext               clrtext      0000
__Hcode                  code         0000
__Hcommon                common       0000
__Hconfig                config       0000
__Heeprom_data           eeprom_data  0000
__Hfunctab               functab      0000
__Hidloc                 idloc        0000
__Hinit                  init         0000
__Hintentry              intentry     0000
__Hmaintext              maintext     0000
__Hpowerup               powerup      0000
__Hram                   ram          0000
__Hreset_vec             reset_vec    0000
__Hsfr0                  sfr0         0000
__Hsfr1                  sfr1         0000
__Hsfr2                  sfr2         0000
__Hsfr3                  sfr3         0000
__Hspace_2               (abs)        0000
__Hspace_3               (abs)        0000
__Hstack                 stack        0000
__Hstrings               strings      0000
__Htext                  text         0000
__Labs1                  abs1         0000
__Lbank0                 bank0        0000
__Lbank1                 bank1        0000
__Lbank2                 bank2        0000
__Lbank3                 bank3        0000
__Lclrtext               clrtext      0000
__Lcode                  code         0000
__Lcommon                common       0000
__Lconfig                config       0000
__Leeprom_data           eeprom_data  0000
__Lend_init              end_init     0000
__Lfunctab               functab      0000
__Lidloc                 idloc        0000
__Linit                  init         0000
__Lintentry              intentry     0000
__Lmaintext              maintext     0000
__Lpowerup               powerup      0000
__Lram                   ram          0000
__Lreset_vec             reset_vec    0000
__Lsfr0                  sfr0         0000
__Lsfr1                  sfr1         0000
__Lsfr2                  sfr2         0000
__Lsfr3                  sfr3         0000
__Lspace_0               (abs)        0000
__Lspace_1               (abs)        0000
__Lspace_2               (abs)        0000
__Lspace_3               (abs)        0000
__Lstack                 stack        0000
__Lstrings               strings      0000
__Ltext                  text         0000
__S3                     (abs)        0000
___int_sp                stack        0000
___latbits               (abs)        0000
___sp                    stack        0000
___stackhi               (abs)        0000
___stacklo               (abs)        0000
__ptext23                text23       0000
__size_of_LCD_Init       (abs)        0000
__size_of_LCD_Out        (abs)        0000
__size_of_LCD_Write      (abs)        0000
__size_of_LCD_putc       (abs)        0000
__size_of_LCD_putrs      (abs)        0000
__size_of_LCD_puts       (abs)        0000
__size_of__Umul8_16      (abs)        0000
__size_of___fladd        (abs)        0000
__size_of___flge         (abs)        0000
__size_of___flmul        (abs)        0000
__size_of___flneg        (abs)        0000
__size_of___flsub        (abs)        0000
__size_of___fltol        (abs)        0000
__size_of___lldiv        (abs)        0000
__size_of___llmod        (abs)        0000
__size_of___lwdiv        (abs)        0000
__size_of___lwmod        (abs)        0000
__size_of___wmul         (abs)        0000
__size_of___xxtofl       (abs)        0000
__size_of_ftoa           (abs)        0000
__size_of_isdigit        (abs)        0000
__size_of_itoa           (abs)        0000
__size_of_main           (abs)        0000
__size_of_sprintf        (abs)        0000
__size_of_utoa           (abs)        0000
intlevel0                functab      0000
intlevel1                functab      0000
intlevel2                functab      0000
intlevel3                functab      0000
intlevel4                functab      0000
intlevel5                functab      0000
reset_vec                reset_vec    0000
start                    init         0000
__Hend_init              end_init     0002
__ptext7                 text7        0002
_isdigit                 text7        0002
_PORTA                   (abs)        0005
_PORTB                   (abs)        0006
?___flmul                cstackBANK0  0020
?___llmod                cstackBANK0  0020
__Umul8_16               text17       0010
___flmul@b               cstackBANK0  0020
___llmod@divisor         cstackBANK0  0020
__end_of_isdigit         text7        0010
__pcstackBANK0           cstackBANK0  0020
__ptext17                text17       0010
utoa@v                   cstackBANK0  0020
utoa@c                   cstackBANK0  0022
utoa@buf                 cstackBANK0  0023
___flmul@a               cstackBANK0  0024
___llmod@dividend        cstackBANK0  0024
itoa@val                 cstackBANK0  0024
itoa@base                cstackBANK0  0026
?___flsub                cstackBANK0  0028
___flmul@sign            cstackBANK0  0028
___flsub@a               cstackBANK0  0028
___flmul@grs             cstackBANK0  0029
___llmod@counter         cstackBANK0  0029
itoa@buf                 cstackBANK0  0029
?_sprintf                cstackBANK0  002A
sprintf@f                cstackBANK0  002A
___flsub@b               cstackBANK0  002C
___flmul@aexp            cstackBANK0  002D
___flmul@bexp            cstackBANK0  002E
___flmul@prod            cstackBANK0  002F
___flmul@temp            cstackBANK0  0033
?___fltol                cstackBANK0  0035
___fltol@f1              cstackBANK0  0035
sprintf@flag             cstackBANK0  0038
sprintf@ap               cstackBANK0  0039
sprintf@val              cstackBANK0  003A
___fltol@sign1           cstackBANK0  003E
sprintf@sp               cstackBANK0  003E
___fltol@exp1            cstackBANK0  003F
sprintf@width            cstackBANK0  003F
sprintf@prec             cstackBANK0  0041
sprintf@c                cstackBANK0  0043
ftoa@f                   cstackBANK0  0044
ftoa@status              cstackBANK0  0048
ftoa@rem                 cstackBANK0  004A
ftoa@l                   cstackBANK0  004E
ftoa@cp                  cstackBANK0  0052
main@status              cstackBANK0  005A
main@lcd                 cstackBANK0  005C
main@value               cstackBANK0  0061
main@aux                 cstackBANK0  0065
_LCD_Out                 text24       0033
__end_of__Umul8_16       text17       0033
__ptext24                text24       0033
main@a                   cstackBANK0  0068
main@text                cstackBANK0  006A
__pbssBANK0              bssBANK0     006B
_lcd                     bssBANK0     006B
?__Umul8_16              cstackCOMMON 0070
?___fladd                cstackCOMMON 0070
?___flneg                cstackCOMMON 0070
?___lldiv                cstackCOMMON 0070
?___lwdiv                cstackCOMMON 0070
?___lwmod                cstackCOMMON 0070
?___wmul                 cstackCOMMON 0070
?___xxtofl               cstackCOMMON 0070
__Umul8_16@multiplicand  cstackCOMMON 0070
___fladd@b               cstackCOMMON 0070
___flge@ff1              cstackCOMMON 0070
___flneg@f1              cstackCOMMON 0070
___lldiv@divisor         cstackCOMMON 0070
___lwdiv@divisor         cstackCOMMON 0070
___lwmod@divisor         cstackCOMMON 0070
___wmul@multiplier       cstackCOMMON 0070
___xxtofl@val            cstackCOMMON 0070
__pcstackCOMMON          cstackCOMMON 0070
_isdigit$654             cstackCOMMON 0070
isdigit@c                cstackCOMMON 0071
___lwdiv@dividend        cstackCOMMON 0072
___lwmod@dividend        cstackCOMMON 0072
___wmul@multiplicand     cstackCOMMON 0072
LCD_Out@c                cstackCOMMON 0073
__Umul8_16@product       cstackCOMMON 0074
___fladd@a               cstackCOMMON 0074
___flge@ff2              cstackCOMMON 0074
___lldiv@dividend        cstackCOMMON 0074
___wmul@product          cstackCOMMON 0074
___lwdiv@quotient        cstackCOMMON 0075
___lwmod@counter         cstackCOMMON 0075
__Umul8_16@word_mpld     cstackCOMMON 0076
LCD_Write@c              cstackCOMMON 0077
LCD_putc@c               cstackCOMMON 0077
___lwdiv@counter         cstackCOMMON 0077
LCD_Init@display         cstackCOMMON 0078
LCD_putrs@i              cstackCOMMON 0078
__Umul8_16@multiplier    cstackCOMMON 0078
___fladd@signs           cstackCOMMON 0078
___xxtofl@sign           cstackCOMMON 0078
utoa@val                 cstackCOMMON 0078
LCD_puts@i               cstackCOMMON 0079
___fladd@aexp            cstackCOMMON 0079
___lldiv@quotient        cstackCOMMON 0079
___xxtofl@exp            cstackCOMMON 0079
LCD_putrs@a              cstackCOMMON 007A
___fladd@bexp            cstackCOMMON 007A
___xxtofl@arg            cstackCOMMON 007A
utoa@base                cstackCOMMON 007A
LCD_puts@a               cstackCOMMON 007B
___fladd@grs             cstackCOMMON 007B
LCD_Init@cmd             cstackCOMMON 007D
___lldiv@counter         cstackCOMMON 007D
btemp                    (abs)        007E
wtemp0                   (abs)        007E
_OPTION_REGbits          (abs)        0081
_TRISA                   (abs)        0085
_TRISB                   (abs)        0086
__pbssBANK1              bssBANK1     00A0
ftoa@buf                 bssBANK1     00A0
_LCD_Init                text22       0057
__end_of_LCD_Write       text23       0057
__ptext22                text22       0057
__pdataBANK1             dataBANK1    00B1
main@F701                dataBANK1    00B1
__Hspace_1               (abs)        00B6
__S1                     (abs)        00B6
_LCD_putc                text21       00D4
__end_of_LCD_Init        text22       00D4
__ptext21                text21       00D4
__end_of_LCD_Out         text24       00F5
__ptext6                 text6        00F5
_sprintf                 text6        00F5
_LCD_putrs               text20       016A
__end_of_LCD_putc        text21       016A
__ptext20                text20       016A
_LCD_puts                text19       0180
__end_of_LCD_putrs       text20       0180
__ptext19                text19       0180
___flge                  text18       019A
__end_of_LCD_puts        text19       019A
__ptext18                text18       019A
___flneg                 text15       022D
__end_of___flge          text18       022D
__ptext15                text15       022D
___flsub                 text13       0236
__end_of___flneg         text15       0236
__ptext13                text13       0236
___fltol                 text12       0256
__end_of___flsub         text13       0256
__ptext12                text12       0256
___fladd                 text14       02B9
__end_of_sprintf         text6        02B9
__ptext14                text14       02B9
___xxtofl                text11       02C3
__end_of___fltol         text12       02C3
__ptext11                text11       02C3
___lldiv                 text10       0366
__end_of___xxtofl        text11       0366
__ptext10                text10       0366
___llmod                 text9        03C4
__end_of___lldiv         text10       03C4
__ptext9                 text9        03C4
__S0                     (abs)        0800
___wmul                  text8        0412
__end_of___llmod         text9        0412
__ptext8                 text8        0412
__end_of___wmul          text8        0433
__ptext5                 text5        0433
_ftoa                    text5        0433
___lwdiv                 text4        04E6
__end_of_ftoa            text5        04E6
__ptext4                 text4        04E6
___flmul                 text16       04F8
__end_of___fladd         text14       04F8
__ptext16                text16       04F8
___lwmod                 text3        0522
__end_of___lwdiv         text4        0522
__ptext3                 text3        0522
__end_of___lwmod         text3        0554
__ptext2                 text2        0554
_utoa                    text2        0554
__end_of_utoa            text2        05B4
__ptext1                 text1        05B4
_itoa                    text1        05B4
__end_of_itoa            text1        05D4
__pmaintext              maintext     05D4
_main                    maintext     05D4
__HcstackBANK0           cstackBANK0  0CB6
__HcstackCOMMON          cstackCOMMON 0CB6
__LcstackBANK0           cstackBANK0  0CB6
__LcstackCOMMON          cstackCOMMON 0CB6
__end_of_main            maintext     065B
clear_ram0               clrtext      065B
__HbssBANK0              bssBANK0     0CC6
__HbssBANK1              bssBANK1     0CC6
__HdataBANK1             dataBANK1    0CC6
__LbssBANK0              bssBANK0     0CC6
__LbssBANK1              bssBANK1     0CC6
__LdataBANK1             dataBANK1    0CC6
__pstrings               strings      0663
__stringtab              strings      0663
__stringbase             strings      0668
__end_of__stringtab      strings      0669
_dpowers                 strings      0669
__end_of_dpowers         strings      0691
__HidataBANK1            idataBANK1   0D52
__Hspace_0               (abs)        0D52
__LidataBANK1            idataBANK1   0D52
__pidataBANK1            idataBANK1   06A9
__Lcinit                 cinit        07E9
__end_of___flmul         text16       07E9
__initialization         cinit        07E9
__end_of__initialization cinit        07FE
start_initialization     cinit        07E9
end_of_initialization    cinit        07FE
__Hcinit                 cinit        0800
