Microchip MPLAB XC8 Compiler V2.05 ()

Linker command line:

-W-3 --edf=C:\Program Files (x86)\Microchip\xc8\v2.05\pic\dat\en_msgs.txt \
  -cs -h+dist/default/production\ejemplo011_DHT11.X.production.sym \
  --cmf=dist/default/production\ejemplo011_DHT11.X.production.cmf -z \
  -Q16F628A -oC:\Users\Gonzalo\AppData\Local\Temp\scbg.2 \
  --defsym=__MPLAB_BUILD=1 \
  -Mdist/default/production/ejemplo011_DHT11.X.production.map -E1 -ver=XC8 \
  --acfsm=1493 -ASTACK=0A0h-0EFh -pstack=STACK -ACODE=00h-07FFh \
  -ASTRCODE=00h-07FFh -ASTRING=00h-0FFhx8 -ACONST=00h-0FFhx8 \
  -AENTRY=00h-0FFhx8 -ACOMMON=070h-07Fh -ABANK0=020h-06Fh -ABANK1=0A0h-0EFh \
  -ABANK2=0120h-014Fh -ARAM=020h-06Fh,0A0h-0EFh,0120h-014Fh \
  -AABS1=020h-07Fh,0A0h-0EFh,0120h-014Fh -ASFR0=00h-01Fh -ASFR1=080h-09Fh \
  -ASFR2=0100h-011Fh -ASFR3=0180h-01EFh \
  -preset_vec=00h,intentry=04h,init,end_init -ppowerup=CODE -pcinit=CODE \
  -pfunctab=ENTRY -ACONFIG=02007h-02007h -pconfig=CONFIG -DCONFIG=2 \
  -AIDLOC=02000h-02003h -pidloc=IDLOC -DIDLOC=2 -AEEDATA=00h-07Fh/02100h \
  -peeprom_data=EEDATA -DEEDATA=2 -DCODE=2 -DSTRCODE=2 -DSTRING=2 -DCONST=2 \
  -DENTRY=2 -k C:\Users\Gonzalo\AppData\Local\Temp\scbg.o \
  dist/default/production\ejemplo011_DHT11.X.production.o 

Object code version is 3.11

Machine type is 16F628A



                Name                               Link     Load   Length Selector   Space Scale
C:\Users\Gonzalo\AppData\Local\Temp\scbg.o
                end_init                              A        A        1        8       0
                reset_vec                             0        0        1        0       0
dist/default/production\ejemplo011_DHT11.X.production.o
                cinit                                 B        B       12        8       0
                intentry                              4        4        6        8       0
                text12                              522      522       11      7B6       0
                text11                              481      481       2E      7B6       0
                text10                              164      164       C2        8       0
                text9                               33B      33B       57        8       0
                text8                               2BC      2BC       7F        8       0
                text7                               226      226       96        8       0
                text6                               508      508       1A      7B6       0
                text5                               4D0      4D0       1E      7B6       0
                text4                               417      417       38      7B6       0
                text3                               4EE      4EE       1A      7B6       0
                text2                               3DB      3DB       3C      7B6       0
                text1                               44F      44F       32      7B6       0
                maintext                             1D       1D      147        8       0
                cstackBANK0                          41       41       17       20       1
                cstackCOMMON                         70       70        A       70       1
                clrtext                             542      542        8      7B6       0
                inittext                            533      533        F      7B6       0
                dataBANK0                            20       20       21       20       1
                bssBANK0                             58       58       11       20       1
                bssCOMMON                            7A       7A        2       70       1
                strings                             392      392       49      724       0
                idataBANK0                          4AF      4AF       21      7B6       0

TOTAL           Name                               Link     Load   Length     Space
        CLASS   STACK          

        CLASS   CODE           
                end_init                              A        A        1         0
                cinit                                 B        B       12         0
                intentry                              4        4        6         0
                reset_vec                             0        0        1         0
                text12                              522      522       11         0
                text11                              481      481       2E         0
                text10                              164      164       C2         0
                text9                               33B      33B       57         0
                text8                               2BC      2BC       7F         0
                text7                               226      226       96         0
                text6                               508      508       1A         0
                text5                               4D0      4D0       1E         0
                text4                               417      417       38         0
                text3                               4EE      4EE       1A         0
                text2                               3DB      3DB       3C         0
                text1                               44F      44F       32         0
                maintext                             1D       1D      147         0
                clrtext                             542      542        8         0
                inittext                            533      533        F         0
                idataBANK0                          4AF      4AF       21         0

        CLASS   STRCODE        

        CLASS   STRING         
                strings                             392      392       49         0

        CLASS   CONST          

        CLASS   ENTRY          

        CLASS   COMMON         
                cstackCOMMON                         70       70        A         1
                bssCOMMON                            7A       7A        2         1

        CLASS   BANK0          
                cstackBANK0                          41       41       17         1
                dataBANK0                            20       20       21         1
                bssBANK0                             58       58       11         1

        CLASS   BANK1          

        CLASS   BANK2          

        CLASS   RAM            

        CLASS   ABS1           
                abs_s1                               7E       7E        2         1

        CLASS   SFR0           

        CLASS   SFR1           

        CLASS   SFR2           

        CLASS   SFR3           

        CLASS   CONFIG         

        CLASS   IDLOC          

        CLASS   EEDATA         

        CLASS   BANK3          



SEGMENTS        Name                           Load    Length   Top    Selector   Space  Class     Delta

                reset_vec                      000000  000001  000001         0       0  CODE        2
                intentry                       000004  00038E  000392         8       0  CODE        2
                dataBANK0                      000020  000049  000069        20       1  BANK0       1
                cstackCOMMON                   000070  00000C  00007C        70       1  COMMON      1
                strings                        000392  000049  0003DB       724       0  STRING      2
                text2                          0003DB  00016F  00054A       7B6       0  CODE        2


UNUSED ADDRESS RANGES

        Name                Unused          Largest block    Delta
        BANK0            069-06F             7           1
        BANK1            0A0-0EF            50           1
        BANK2            120-14F            30           1
        CODE             001-003             3           2
                         54A-7FF           2B6
        COMMON           07C-07D             2           1
        CONFIG           2007-2007             1           2
        CONST            001-003             3           2
                         54A-7FF           100
        EEDATA           2100-217F            80           2
        ENTRY            001-003             3           2
                         54A-7FF           100
        IDLOC            2000-2003             4           2
        RAM              069-06F             7           1
                         0A0-0EF            50
                         120-14F            30
        SFR0             000-01F            20           1
        SFR1             080-09F            20           1
        SFR2             100-11F            20           1
        SFR3             180-1EF            70           1
        STACK            0A0-0EF            50           1
        STRCODE          001-003             3           2
                         54A-7FF           2B6
        STRING           001-003             3           2
                         54A-7FF           100

                                  Symbol Table

?_CheckResponse          cstackCOMMON 072
?_ReadByte               cstackCOMMON 072
?___lwdiv                cstackCOMMON 072
?___lwmod                cstackCOMMON 072
LCD_Init@cmd             cstackBANK0  048
LCD_Init@display         cstackBANK0  041
LCD_Out@c                cstackCOMMON 075
LCD_Write@c              cstackCOMMON 079
LCD_putc@c               cstackCOMMON 079
LCD_putrs@a              cstackBANK0  043
LCD_putrs@i              cstackBANK0  041
LCD_puts@a               cstackBANK0  044
LCD_puts@i               cstackBANK0  042
ReadByte@num             cstackCOMMON 077
_CMCON                   (abs)        01F
_CheckResponse           text11       481
_CheckSum                bssBANK0     067
_INTCONbits              (abs)        00B
_LCD_Init                text8        2BC
_LCD_Out                 text10       164
_LCD_Write               text9        33B
_LCD_putc                text7        226
_LCD_putrs               text6        508
_LCD_puts                text5        4D0
_PIE1bits                (abs)        08C
_PIR1bits                (abs)        00C
_PORTA                   (abs)        005
_PORTAbits               (abs)        005
_PORTB                   (abs)        006
_RH_Byte1                bssBANK0     05F
_RH_Byte2                bssBANK0     05D
_ReadByte                text4        417
_StartSignal             text3        4EE
_T2CON                   (abs)        012
_T2CONbits               (abs)        012
_TMR2                    (abs)        011
_TOUT                    bssCOMMON    07A
_TRISA                   (abs)        085
_TRISAbits               (abs)        085
_TRISB                   (abs)        086
_T_Byte1                 bssBANK0     063
_T_Byte2                 bssBANK0     061
__Habs1                  abs1         000
__Hbank0                 bank0        000
__Hbank1                 bank1        000
__Hbank2                 bank2        000
__Hbank3                 bank3        000
__HbssBANK0              bssBANK0     000
__HbssCOMMON             bssCOMMON    000
__Hcinit                 cinit        01D
__Hclrtext               clrtext      000
__Hcode                  code         000
__Hcommon                common       000
__Hconfig                config       000
__HcstackBANK0           cstackBANK0  000
__HcstackCOMMON          cstackCOMMON 000
__HdataBANK0             dataBANK0    000
__Heeprom_data           eeprom_data  000
__Hend_init              end_init     00B
__Hfunctab               functab      000
__HidataBANK0            idataBANK0   000
__Hidloc                 idloc        000
__Hinit                  init         00A
__Hinittext              inittext     000
__Hintentry              intentry     00A
__Hmaintext              maintext     000
__Hpowerup               powerup      000
__Hram                   ram          000
__Hreset_vec             reset_vec    001
__Hsfr0                  sfr0         000
__Hsfr1                  sfr1         000
__Hsfr2                  sfr2         000
__Hsfr3                  sfr3         000
__Hspace_0               (abs)        54A
__Hspace_1               (abs)        07C
__Hspace_2               (abs)        000
__Hspace_3               (abs)        000
__Hstack                 stack        000
__Hstrings               strings      000
__Htext                  text         000
__Labs1                  abs1         000
__Lbank0                 bank0        000
__Lbank1                 bank1        000
__Lbank2                 bank2        000
__Lbank3                 bank3        000
__LbssBANK0              bssBANK0     000
__LbssCOMMON             bssCOMMON    000
__Lcinit                 cinit        00B
__Lclrtext               clrtext      000
__Lcode                  code         000
__Lcommon                common       000
__Lconfig                config       000
__LcstackBANK0           cstackBANK0  000
__LcstackCOMMON          cstackCOMMON 000
__LdataBANK0             dataBANK0    000
__Leeprom_data           eeprom_data  000
__Lend_init              end_init     00A
__Lfunctab               functab      000
__LidataBANK0            idataBANK0   000
__Lidloc                 idloc        000
__Linit                  init         00A
__Linittext              inittext     000
__Lintentry              intentry     004
__Lmaintext              maintext     000
__Lpowerup               powerup      000
__Lram                   ram          000
__Lreset_vec             reset_vec    000
__Lsfr0                  sfr0         000
__Lsfr1                  sfr1         000
__Lsfr2                  sfr2         000
__Lsfr3                  sfr3         000
__Lspace_0               (abs)        000
__Lspace_1               (abs)        000
__Lspace_2               (abs)        000
__Lspace_3               (abs)        000
__Lstack                 stack        000
__Lstrings               strings      000
__Ltext                  text         000
__S0                     (abs)        54A
__S1                     (abs)        07C
__S2                     (abs)        000
__S3                     (abs)        000
___int_sp                stack        000
___latbits               (abs)        000
___lwdiv                 text2        3DB
___lwdiv@counter         cstackCOMMON 079
___lwdiv@dividend        cstackCOMMON 074
___lwdiv@divisor         cstackCOMMON 072
___lwdiv@quotient        cstackCOMMON 077
___lwmod                 text1        44F
___lwmod@counter         cstackCOMMON 077
___lwmod@dividend        cstackCOMMON 074
___lwmod@divisor         cstackCOMMON 072
___sp                    stack        000
___stackhi               (abs)        000
___stacklo               (abs)        000
__end_of_CheckResponse   text11       4AF
__end_of_LCD_Init        text8        33B
__end_of_LCD_Out         text10       226
__end_of_LCD_Write       text9        392
__end_of_LCD_putc        text7        2BC
__end_of_LCD_putrs       text6        522
__end_of_LCD_puts        text5        4EE
__end_of_ReadByte        text4        44F
__end_of_StartSignal     text3        508
__end_of___lwdiv         text2        417
__end_of___lwmod         text1        481
__end_of__initialization cinit        01B
__end_of__stringtab      strings      398
__end_of_main            maintext     164
__end_of_tcInt           text12       533
__initialization         cinit        00B
__pbssBANK0              bssBANK0     058
__pbssCOMMON             bssCOMMON    07A
__pcstackBANK0           cstackBANK0  041
__pcstackCOMMON          cstackCOMMON 070
__pdataBANK0             dataBANK0    020
__pidataBANK0            idataBANK0   4AF
__pintentry              intentry     004
__pmaintext              maintext     01D
__pstrings               strings      392
__ptext1                 text1        44F
__ptext10                text10       164
__ptext11                text11       481
__ptext12                text12       522
__ptext2                 text2        3DB
__ptext3                 text3        4EE
__ptext4                 text4        417
__ptext5                 text5        4D0
__ptext6                 text6        508
__ptext7                 text7        226
__ptext8                 text8        2BC
__ptext9                 text9        33B
__size_of_CheckResponse  (abs)        000
__size_of_LCD_Init       (abs)        000
__size_of_LCD_Out        (abs)        000
__size_of_LCD_Write      (abs)        000
__size_of_LCD_putc       (abs)        000
__size_of_LCD_putrs      (abs)        000
__size_of_LCD_puts       (abs)        000
__size_of_ReadByte       (abs)        000
__size_of_StartSignal    (abs)        000
__size_of___lwdiv        (abs)        000
__size_of___lwmod        (abs)        000
__size_of_main           (abs)        000
__size_of_tcInt          (abs)        000
__stringbase             strings      397
__stringtab              strings      392
_i                       bssBANK0     065
_lcd                     bssBANK0     058
_main                    maintext     01D
_message1                dataBANK0    033
_message2                dataBANK0    025
_tcInt                   text12       522
btemp                    (abs)        07E
clear_ram0               clrtext      542
end_of_initialization    cinit        01B
init_fetch0              inittext     533
init_ram0                inittext     537
interrupt_function       intentry     004
intlevel0                functab      000
intlevel1                functab      000
intlevel2                functab      000
intlevel3                functab      000
intlevel4                functab      000
intlevel5                functab      000
main@F715                dataBANK0    020
main@check               cstackBANK0  056
main@lcd                 cstackBANK0  051
reset_vec                reset_vec    000
saved_w                  (abs)        07E
start                    init         00A
start_initialization     cinit        00B
wtemp0                   (abs)        07E


FUNCTION INFORMATION:

 *************** function _main *****************
 Defined at:
		line 43 in file "main.c"
 Parameters:    Size  Location     Type
		None
 Auto vars:     Size  Location     Type
  lcd             5   16[BANK0 ] struct .
  check           2   21[BANK0 ] unsigned short 
 Return value:  Size  Location     Type
                  1    wreg      void 
 Registers used:
		wreg, fsr0l, fsr0h, status,2, status,0, pclath, cstack
 Tracked objects:
		On entry : 
		On exit  : 
		Unchanged: 
 Data sizes:     COMMON   BANK0   BANK1   BANK2
      Params:         0       0       0       0
      Locals:         0       7       0       0
      Temps:          0       8       0       0
      Totals:         0      15       0       0
Total ram usage:       15 bytes
 Hardware stack levels required when called:    4
 This function calls:
		_CheckResponse
		_LCD_Init
		_LCD_Write
		_LCD_putrs
		_LCD_puts
		_ReadByte
		_StartSignal
		___lwdiv
		___lwmod
 This function is called by:
		Startup code after reset
 This function uses a non-reentrant model


 *************** function ___lwmod *****************
 Defined at:
		line 5 in file "C:\Program Files (x86)\Microchip\xc8\v2.05\pic\sources\c90\common\lwmod.c"
 Parameters:    Size  Location     Type
  divisor         2    2[COMMON] unsigned int 
  dividend        2    4[COMMON] unsigned int 
 Auto vars:     Size  Location     Type
  counter         1    7[COMMON] unsigned char 
 Return value:  Size  Location     Type
                  2    2[COMMON] unsigned int 
 Registers used:
		wreg, status,2, status,0
 Tracked objects:
		On entry : 
		On exit  : 
		Unchanged: 
 Data sizes:     COMMON   BANK0   BANK1   BANK2
      Params:         4       0       0       0
      Locals:         1       0       0       0
      Temps:          1       0       0       0
      Totals:         6       0       0       0
Total ram usage:        6 bytes
 Hardware stack levels used:    1
 Hardware stack levels required when called:    1
 This function calls:
		Nothing
 This function is called by:
		_main
 This function uses a non-reentrant model


 *************** function ___lwdiv *****************
 Defined at:
		line 5 in file "C:\Program Files (x86)\Microchip\xc8\v2.05\pic\sources\c90\common\lwdiv.c"
 Parameters:    Size  Location     Type
  divisor         2    2[COMMON] unsigned int 
  dividend        2    4[COMMON] unsigned int 
 Auto vars:     Size  Location     Type
  quotient        2    7[COMMON] unsigned int 
  counter         1    9[COMMON] unsigned char 
 Return value:  Size  Location     Type
                  2    2[COMMON] unsigned int 
 Registers used:
		wreg, status,2, status,0
 Tracked objects:
		On entry : 
		On exit  : 
		Unchanged: 
 Data sizes:     COMMON   BANK0   BANK1   BANK2
      Params:         4       0       0       0
      Locals:         3       0       0       0
      Temps:          1       0       0       0
      Totals:         8       0       0       0
Total ram usage:        8 bytes
 Hardware stack levels used:    1
 Hardware stack levels required when called:    1
 This function calls:
		Nothing
 This function is called by:
		_main
 This function uses a non-reentrant model


 *************** function _StartSignal *****************
 Defined at:
		line 106 in file "main.c"
 Parameters:    Size  Location     Type
		None
 Auto vars:     Size  Location     Type
		None
 Return value:  Size  Location     Type
                  1    wreg      void 
 Registers used:
		wreg
 Tracked objects:
		On entry : 
		On exit  : 
		Unchanged: 
 Data sizes:     COMMON   BANK0   BANK1   BANK2
      Params:         0       0       0       0
      Locals:         0       0       0       0
      Temps:          2       0       0       0
      Totals:         2       0       0       0
Total ram usage:        2 bytes
 Hardware stack levels used:    1
 Hardware stack levels required when called:    1
 This function calls:
		Nothing
 This function is called by:
		_main
 This function uses a non-reentrant model


 *************** function _ReadByte *****************
 Defined at:
		line 115 in file "main.c"
 Parameters:    Size  Location     Type
		None
 Auto vars:     Size  Location     Type
  num             2    7[COMMON] unsigned short 
  t               2    0        unsigned short 
 Return value:  Size  Location     Type
                  2    2[COMMON] unsigned short 
 Registers used:
		wreg, status,2, status,0
 Tracked objects:
		On entry : 
		On exit  : 
		Unchanged: 
 Data sizes:     COMMON   BANK0   BANK1   BANK2
      Params:         2       0       0       0
      Locals:         2       0       0       0
      Temps:          3       0       0       0
      Totals:         7       0       0       0
Total ram usage:        7 bytes
 Hardware stack levels used:    1
 Hardware stack levels required when called:    1
 This function calls:
		Nothing
 This function is called by:
		_main
 This function uses a non-reentrant model


 *************** function _LCD_puts *****************
 Defined at:
		line 136 in file "lcd.c"
 Parameters:    Size  Location     Type
  a               1    wreg     PTR unsigned char 
		 -> message2(14), message1(14), 
 Auto vars:     Size  Location     Type
  a               1    3[BANK0 ] PTR unsigned char 
		 -> message2(14), message1(14), 
  i               2    1[BANK0 ] int 
 Return value:  Size  Location     Type
                  1    wreg      void 
 Registers used:
		wreg, fsr0l, fsr0h, status,2, status,0, pclath, cstack
 Tracked objects:
		On entry : 
		On exit  : 
		Unchanged: 
 Data sizes:     COMMON   BANK0   BANK1   BANK2
      Params:         0       0       0       0
      Locals:         0       3       0       0
      Temps:          0       1       0       0
      Totals:         0       4       0       0
Total ram usage:        4 bytes
 Hardware stack levels used:    1
 Hardware stack levels required when called:    3
 This function calls:
		_LCD_putc
 This function is called by:
		_main
 This function uses a non-reentrant model


 *************** function _LCD_putrs *****************
 Defined at:
		line 144 in file "lcd.c"
 Parameters:    Size  Location     Type
  a               1    wreg     PTR const unsigned char 
		 -> STR_5(13), STR_4(16), STR_3(14), STR_2(13), 
		 -> STR_1(11), 
 Auto vars:     Size  Location     Type
  a               1    2[BANK0 ] PTR const unsigned char 
		 -> STR_5(13), STR_4(16), STR_3(14), STR_2(13), 
		 -> STR_1(11), 
  i               2    0[BANK0 ] int 
 Return value:  Size  Location     Type
                  1    wreg      void 
 Registers used:
		wreg, fsr0l, fsr0h, status,2, status,0, pclath, cstack
 Tracked objects:
		On entry : 
		On exit  : 
		Unchanged: 
 Data sizes:     COMMON   BANK0   BANK1   BANK2
      Params:         0       0       0       0
      Locals:         0       3       0       0
      Temps:          0       0       0       0
      Totals:         0       3       0       0
Total ram usage:        3 bytes
 Hardware stack levels used:    1
 Hardware stack levels required when called:    3
 This function calls:
		_LCD_putc
 This function is called by:
		_main
 This function uses a non-reentrant model


 *************** function _LCD_putc *****************
 Defined at:
		line 119 in file "lcd.c"
 Parameters:    Size  Location     Type
  c               1    wreg     unsigned char 
 Auto vars:     Size  Location     Type
  c               1    9[COMMON] unsigned char 
 Return value:  Size  Location     Type
                  1    wreg      void 
 Registers used:
		wreg, fsr0l, fsr0h, status,2, status,0, pclath, cstack
 Tracked objects:
		On entry : 
		On exit  : 
		Unchanged: 
 Data sizes:     COMMON   BANK0   BANK1   BANK2
      Params:         0       0       0       0
      Locals:         1       0       0       0
      Temps:          3       0       0       0
      Totals:         4       0       0       0
Total ram usage:        4 bytes
 Hardware stack levels used:    1
 Hardware stack levels required when called:    2
 This function calls:
		_LCD_Out
 This function is called by:
		_LCD_puts
		_LCD_putrs
 This function uses a non-reentrant model


 *************** function _LCD_Init *****************
 Defined at:
		line 61 in file "lcd.c"
 Parameters:    Size  Location     Type
  display         5    0[BANK0 ] struct .
 Auto vars:     Size  Location     Type
  cmd             1    7[BANK0 ] unsigned char 
 Return value:  Size  Location     Type
                  1    wreg      _Bool 
 Registers used:
		wreg, fsr0l, fsr0h, status,2, status,0, pclath, cstack
 Tracked objects:
		On entry : 
		On exit  : 
		Unchanged: 
 Data sizes:     COMMON   BANK0   BANK1   BANK2
      Params:         0       5       0       0
      Locals:         0       1       0       0
      Temps:          0       2       0       0
      Totals:         0       8       0       0
Total ram usage:        8 bytes
 Hardware stack levels used:    1
 Hardware stack levels required when called:    3
 This function calls:
		_LCD_Write
 This function is called by:
		_main
 This function uses a non-reentrant model


 *************** function _LCD_Write *****************
 Defined at:
		line 50 in file "lcd.c"
 Parameters:    Size  Location     Type
  c               1    wreg     unsigned char 
 Auto vars:     Size  Location     Type
  c               1    9[COMMON] unsigned char 
 Return value:  Size  Location     Type
                  1    wreg      void 
 Registers used:
		wreg, fsr0l, fsr0h, status,2, status,0, pclath, cstack
 Tracked objects:
		On entry : 
		On exit  : 
		Unchanged: 
 Data sizes:     COMMON   BANK0   BANK1   BANK2
      Params:         0       0       0       0
      Locals:         1       0       0       0
      Temps:          3       0       0       0
      Totals:         4       0       0       0
Total ram usage:        4 bytes
 Hardware stack levels used:    1
 Hardware stack levels required when called:    2
 This function calls:
		_LCD_Out
 This function is called by:
		_main
		_LCD_Init
 This function uses a non-reentrant model


 *************** function _LCD_Out *****************
 Defined at:
		line 18 in file "lcd.c"
 Parameters:    Size  Location     Type
  c               1    wreg     unsigned char 
 Auto vars:     Size  Location     Type
  c               1    5[COMMON] unsigned char 
 Return value:  Size  Location     Type
                  1    wreg      void 
 Registers used:
		wreg, fsr0l, fsr0h, status,2, status,0
 Tracked objects:
		On entry : 
		On exit  : 
		Unchanged: 
 Data sizes:     COMMON   BANK0   BANK1   BANK2
      Params:         0       0       0       0
      Locals:         1       0       0       0
      Temps:          3       0       0       0
      Totals:         4       0       0       0
Total ram usage:        4 bytes
 Hardware stack levels used:    1
 Hardware stack levels required when called:    1
 This function calls:
		Nothing
 This function is called by:
		_LCD_Write
		_LCD_putc
 This function uses a non-reentrant model


 *************** function _CheckResponse *****************
 Defined at:
		line 129 in file "main.c"
 Parameters:    Size  Location     Type
		None
 Auto vars:     Size  Location     Type
		None
 Return value:  Size  Location     Type
                  2    2[COMMON] unsigned short 
 Registers used:
		wreg, status,2, status,0
 Tracked objects:
		On entry : 
		On exit  : 
		Unchanged: 
 Data sizes:     COMMON   BANK0   BANK1   BANK2
      Params:         2       0       0       0
      Locals:         0       0       0       0
      Temps:          2       0       0       0
      Totals:         4       0       0       0
Total ram usage:        4 bytes
 Hardware stack levels used:    1
 Hardware stack levels required when called:    1
 This function calls:
		Nothing
 This function is called by:
		_main
 This function uses a non-reentrant model


 *************** function _tcInt *****************
 Defined at:
		line 35 in file "main.c"
 Parameters:    Size  Location     Type
		None
 Auto vars:     Size  Location     Type
		None
 Return value:  Size  Location     Type
                  1    wreg      void 
 Registers used:
		wreg
 Tracked objects:
		On entry : 
		On exit  : 
		Unchanged: 
 Data sizes:     COMMON   BANK0   BANK1   BANK2
      Params:         0       0       0       0
      Locals:         0       0       0       0
      Temps:          2       0       0       0
      Totals:         2       0       0       0
Total ram usage:        2 bytes
 Hardware stack levels used:    1
 This function calls:
		Nothing
 This function is called by:
		Interrupt level 1
 This function uses a non-reentrant model



MODULE INFORMATION

Module		Function		Class		Link	Load	Size
C:\Program Files (x86)\Microchip\xc8\v2.05\pic\sources\c90\common\lwdiv.c
		___lwdiv       		CODE           	03DB	0000	61

C:\Program Files (x86)\Microchip\xc8\v2.05\pic\sources\c90\common\lwdiv.c estimated size: 61

shared
		__stringtab    		STRING         	0392	0000	7
		__initialization		CODE           	000B	0000	17

shared estimated size: 24

lcd.c
		_LCD_Init      		CODE           	02BC	0000	128
		_LCD_Out       		CODE           	0164	0000	195
		_LCD_putc      		CODE           	0226	0000	151
		_LCD_puts      		CODE           	04D0	0000	31
		_LCD_putrs     		CODE           	0508	0000	27
		_LCD_Write     		CODE           	033B	0000	88

lcd.c estimated size: 620

main.c
		_CheckResponse 		CODE           	0481	0000	47
		_StartSignal   		CODE           	04EE	0000	27
		_main          		CODE           	001D	0000	328
		_ReadByte      		CODE           	0417	0000	57
		_tcInt         		CODE           	0522	0000	18

main.c estimated size: 477

C:\Program Files (x86)\Microchip\xc8\v2.05\pic\sources\c90\common\lwmod.c
		___lwmod       		CODE           	044F	0000	51

C:\Program Files (x86)\Microchip\xc8\v2.05\pic\sources\c90\common\lwmod.c estimated size: 51

